I'm sorry, but errors were detected in your script. Please correct the
errors listed below, and try again.


File "game/script.rpy", line 278: expected statement.
    feI = ''
        ^

File "game/script.rpy", line 280: expected statement.
    feI += fI[0]
        ^

File "game/script.rpy", line 281: expected statement.
    fI = fI[1:]
       ^

File "game/script.rpy", line 283: expected statement.
    fI = fI[1:]
       ^

File "game/script.rpy", line 286: expected statement.
    fechaI = -1 * int(feI)
           ^

File "game/script.rpy", line 288: expected statement.
    fechaI = int(feI)
           ^

File "game/script.rpy", line 289: expected statement.
    fI = fI[1:]
       ^

File "game/script.rpy", line 291: expected statement.
    fechaI = int(feI)
           ^

File "game/script.rpy", line 294: expected statement.
    feF = ''
        ^

File "game/script.rpy", line 296: expected statement.
    feF += fF[0]
        ^

File "game/script.rpy", line 297: expected statement.
    fF = fF[1:]
       ^

File "game/script.rpy", line 299: expected statement.
    fF = fF[1:]
       ^

File "game/script.rpy", line 302: expected statement.
    fechaF = -1 * int(feF)
           ^

File "game/script.rpy", line 304: expected statement.
    fechaF = int(feF)
           ^

File "game/script.rpy", line 305: expected statement.
    fF = fF[1:]
       ^

File "game/script.rpy", line 307: expected statement.
    fechaF = int(feI)
           ^

Ren'Py Version: Ren'Py 7.1.3.1092
Fri Jul 05 08:24:35 2019
